Log file of Training, Testing and Evaluation with SVM approach or Kytea program:

ye@DL-Box:~/experiment/kh-pos/final-exp/kytea$ time ./train-all.sh | tee ./kytea-training.log
Scanning dictionaries and corpora for vocabulary
Reading corpus from ./train1/train1  done (2000 lines)
Building dictionary index done!
Creating tagging features (tag 1) done!
Training local tag classifiers done!
Printing model to ./train1/train1.model done!
==========

Scanning dictionaries and corpora for vocabulary
Reading corpus from ./train2/train2  done (4000 lines)
Building dictionary index done!
Creating tagging features (tag 1) done!
Training local tag classifiers done!
Printing model to ./train2/train2.model done!
==========

Scanning dictionaries and corpora for vocabulary
Reading corpus from ./train3/train3  done (6000 lines)
Building dictionary index done!
Creating tagging features (tag 1) done!
Training local tag classifiers done!
Printing model to ./train3/train3.model done!
==========

Scanning dictionaries and corpora for vocabulary
Reading corpus from ./train4/train4 
 KyTea Error: Illegal tag separator in word position at ទន្ទឹម_នឹង/IN នេះ/DT ដែរ/RB ក្រុម/NN ប្រជា_ពល_រដ្ឋ/NN ប្រមាណ/NN ជាង/IN ២០០/CD នាក់/M មក_ពី/IN ខេត្ត/NN កោះកុង/PN បាន/AUX លើក/VB យក/RB បញ្ហា/NN ផ្ទាល់/JJ របស់/IN អ្នក/PRO ទាំង_នោះ/DT រួម/VB_JJ ជាមួយ_នឹង/IN បណ្តឹង/NN រាប់/DT លាន/CD ករណី/NN ប្រឆាំង/VB_JJ នឹង/IN ក្រុមហ៊ុន/NN &/SYM របស់/IN ប្រទេស/NN អង់គ្លេស/PN ដោយ/IN អះអាង/VB ថា/IN ក្រុមហ៊ុន/NN ស្ករ/NN អំពៅ/NN នេះ/DT មាន/VB ចេតនា/NN ទទួល/VB_JJ ផល/NN ចំណេញ/JJ ពី/IN ដី/NN ដែល/RPN រឹប_អូស/VB បាន/VCOM ពី/IN ប្រជា_ពល_រដ្ឋ/NN ដោយ/IN ខុស/JJ ច្បាប់/NN ។/KAN
==========

Scanning dictionaries and corpora for vocabulary
Reading corpus from ./train5/train5 
 KyTea Error: Illegal tag separator in word position at ទន្ទឹម_នឹង/IN នេះ/DT ដែរ/RB ក្រុម/NN ប្រជា_ពល_រដ្ឋ/NN ប្រមាណ/NN ជាង/IN ២០០/CD នាក់/M មក_ពី/IN ខេត្ត/NN កោះកុង/PN បាន/AUX លើក/VB យក/RB បញ្ហា/NN ផ្ទាល់/JJ របស់/IN អ្នក/PRO ទាំង_នោះ/DT រួម/VB_JJ ជាមួយ_នឹង/IN បណ្តឹង/NN រាប់/DT លាន/CD ករណី/NN ប្រឆាំង/VB_JJ នឹង/IN ក្រុមហ៊ុន/NN &/SYM របស់/IN ប្រទេស/NN អង់គ្លេស/PN ដោយ/IN អះអាង/VB ថា/IN ក្រុមហ៊ុន/NN ស្ករ/NN អំពៅ/NN នេះ/DT មាន/VB ចេតនា/NN ទទួល/VB_JJ ផល/NN ចំណេញ/JJ ពី/IN ដី/NN ដែល/RPN រឹប_អូស/VB បាន/VCOM ពី/IN ប្រជា_ពល_រដ្ឋ/NN ដោយ/IN ខុស/JJ ច្បាប់/NN ។/KAN
==========

Scanning dictionaries and corpora for vocabulary
Reading corpus from ./train6/train6 
 KyTea Error: Illegal tag separator in word position at ទន្ទឹម_នឹង/IN នេះ/DT ដែរ/RB ក្រុម/NN ប្រជា_ពល_រដ្ឋ/NN ប្រមាណ/NN ជាង/IN ២០០/CD នាក់/M មក_ពី/IN ខេត្ត/NN កោះកុង/PN បាន/AUX លើក/VB យក/RB បញ្ហា/NN ផ្ទាល់/JJ របស់/IN អ្នក/PRO ទាំង_នោះ/DT រួម/VB_JJ ជាមួយ_នឹង/IN បណ្តឹង/NN រាប់/DT លាន/CD ករណី/NN ប្រឆាំង/VB_JJ នឹង/IN ក្រុមហ៊ុន/NN &/SYM របស់/IN ប្រទេស/NN អង់គ្លេស/PN ដោយ/IN អះអាង/VB ថា/IN ក្រុមហ៊ុន/NN ស្ករ/NN អំពៅ/NN នេះ/DT មាន/VB ចេតនា/NN ទទួល/VB_JJ ផល/NN ចំណេញ/JJ ពី/IN ដី/NN ដែល/RPN រឹប_អូស/VB បាន/VCOM ពី/IN ប្រជា_ពល_រដ្ឋ/NN ដោយ/IN ខុស/JJ ច្បាប់/NN ។/KAN
==========


real	0m3.833s
user	0m2.338s
sys	0m1.496s
ye@DL-Box:~/experiment/kh-pos/final-exp/kytea$

I got errors as shown in above.

=================

The reason is because of ""&/SYM"!!!

I replaced "&" with "AMPERSAND" for ./train4/train4, ./train5/train5 and ./train6/train6 files.
and then, I also remake .word files:

ye@DL-Box:~/experiment/kh-pos/final-exp/kytea/train4$ ../mk-wordtag.pl ./train4 "\/" w > ./train4.word
ye@DL-Box:~/experiment/kh-pos/final-exp/kytea/train5$ ../mk-wordtag.pl ./train5 "\/" W > ./train5.word
ye@DL-Box:~/experiment/kh-pos/final-exp/kytea/train6$ ../mk-wordtag.pl ./train6 "\/" W > ./train6.word

================

RETRAIN again as follows:

ye@DL-Box:~/experiment/kh-pos/final-exp/kytea$ time ./train-all.sh | tee kytea-training2.log 
Scanning dictionaries and corpora for vocabulary
Reading corpus from ./train1/train1  done (2000 lines)
Building dictionary index done!
Creating tagging features (tag 1) done!
Training local tag classifiers done!
Printing model to ./train1/train1.model done!
==========

Scanning dictionaries and corpora for vocabulary
Reading corpus from ./train2/train2  done (4000 lines)
Building dictionary index done!
Creating tagging features (tag 1) done!
Training local tag classifiers done!
Printing model to ./train2/train2.model done!
==========

Scanning dictionaries and corpora for vocabulary
Reading corpus from ./train3/train3  done (6000 lines)
Building dictionary index done!
Creating tagging features (tag 1) done!
Training local tag classifiers done!
Printing model to ./train3/train3.model done!
==========

Scanning dictionaries and corpora for vocabulary
Reading corpus from ./train4/train4  done (8000 lines)
Building dictionary index done!
Creating tagging features (tag 1) done!
Training local tag classifiers done!
Printing model to ./train4/train4.model done!
==========

Scanning dictionaries and corpora for vocabulary
Reading corpus from ./train5/train5 
 KyTea Error: Illegal tag separator in word position at ប៉ា/PN ច័ន្ទ/PN រឿន/PN អ្នក~ស្រាវជ្រាវ/NN ផ្នែក/NN ទស្សន_វិជ្ជា/NN &/SYM ការ~អភិវឌ្ឍ/NN និង/CC ប្រធាន/NN មជ្ឈមណ្ឌល/NN ទស្សន_វិជ្ជា/NN អនុវត្តន៍/NN និង/CC សីលធម៌/NN កម្ពុជា/PN
==========

Scanning dictionaries and corpora for vocabulary
Reading corpus from ./train6/train6 
 KyTea Error: Illegal tag separator in word position at ប៉ា/PN ច័ន្ទ/PN រឿន/PN អ្នក~ស្រាវជ្រាវ/NN ផ្នែក/NN ទស្សន_វិជ្ជា/NN &/SYM ការ~អភិវឌ្ឍ/NN និង/CC ប្រធាន/NN មជ្ឈមណ្ឌល/NN ទស្សន_វិជ្ជា/NN អនុវត្តន៍/NN និង/CC សីលធម៌/NN កម្ពុជា/PN
==========


real	0m6.009s
user	0m3.642s
sys	0m2.368s
ye@DL-Box:~/experiment/kh-pos/final-exp/kytea$ 

Training finished!!!

================


Testing as follow:

ye@DL-Box:~/experiment/kh-pos/final-exp/kytea$ time ./test-all.sh | tee kytea-testing.log
ក្រៅ_ពី/IN នោះ/DT លិខិត/NN នេះ/DT បាន/AUX បញ្ជាក់/VB យ៉ាង/RB លម្អិត/JJ ពី/IN ការ~កិបកេង/NN ប្រាក់/NN ឧបត្ថម្ភ/NN ផ្សេង/JJ ៗ/DBL ពី/IN ក្រសួង/NN សរុប/JJ ជាង/IN ២៥/CD លាន/CD រៀល/PN ផ្សេង_ទៀត/JJ ។/KAN
លោក~ជំទាវ/PRO ណោន/PN សារម្យ/PN
លោក~ជំទាវ/PRO ប៉ូលែន/PN
ខ្ញុំ/PRO ឈ្មោះ/NN ថេងគ័ង/PN
លោក/PRO ដៀង/PN សុភា/PN
ឯក_ឧត្ដម/PRO សុផា/PN លីន/PN
ទិវា/NN សិទិ្ធ/NN កុមារ/NN អន្តរ_ជាតិ/NN គឺ/VB ត្រូវ_បាន/VB ប្រារព្ធ/VB ឡើង/RB នៅ/IN ថ្ងៃ_ទី/NN ១/CD ខែ_មិថុនា/PN ។/KAN
ខ្ញុំ/PRO ឈ្មោះ/NN សុខ/PN លីន/PN
ឯក_ឧត្ដម/PRO ចាន់/PN
កញ្ញា/PRO គង់/PN សារ៉ន/PN
=================
ក្រៅ_ពី/IN នោះ/DT លិខិត/NN នេះ/DT បាន/AUX បញ្ជាក់/VB យ៉ាង/RB លម្អិត/JJ ពី/IN ការ~កិបកេង/NN ប្រាក់/NN ឧបត្ថម្ភ/NN ផ្សេង/JJ ៗ/DBL ពី/IN ក្រសួង/NN សរុប/JJ ជាង/IN ២៥/CD លាន/CD រៀល/PN ផ្សេង_ទៀត/JJ ។/KAN
លោក~ជំទាវ/PRO ណោន/PN សារម្យ/PN
លោក~ជំទាវ/PRO ប៉ូលែន/PN
ខ្ញុំ/PRO ឈ្មោះ/NN ថេងគ័ង/PN
លោក/PRO ដៀង/PN សុភា/PN
ឯក_ឧត្ដម/PRO សុផា/PN លីន/PN
ទិវា/NN សិទិ្ធ/NN កុមារ/NN អន្តរ_ជាតិ/NN គឺ/VB ត្រូវ_បាន/VB ប្រារព្ធ/VB ឡើង/RB នៅ/IN ថ្ងៃ_ទី/NN ១/CD ខែ_មិថុនា/PN ។/KAN
ខ្ញុំ/PRO ឈ្មោះ/NN សុខ/PN លីន/PN
ឯក_ឧត្ដម/PRO ចាន់/PN
កញ្ញា/PRO គង់/PN សារ៉ន/PN
=================
ក្រៅ_ពី/IN នោះ/DT លិខិត/NN នេះ/DT បាន/AUX បញ្ជាក់/VB យ៉ាង/RB លម្អិត/JJ ពី/IN ការ~កិបកេង/NN ប្រាក់/NN ឧបត្ថម្ភ/NN ផ្សេង/JJ ៗ/DBL ពី/IN ក្រសួង/NN សរុប/JJ ជាង/IN ២៥/CD លាន/CD រៀល/PN ផ្សេង_ទៀត/JJ ។/KAN
លោក~ជំទាវ/PRO ណោន/PN សារម្យ/PN
លោក~ជំទាវ/PRO ប៉ូលែន/PN
ខ្ញុំ/PRO ឈ្មោះ/NN ថេងគ័ង/PN
លោក/PRO ដៀង/PN សុភា/PN
ឯក_ឧត្ដម/PRO សុផា/PN លីន/PN
ទិវា/NN សិទិ្ធ/NN កុមារ/NN អន្តរ_ជាតិ/NN គឺ/VB ត្រូវ_បាន/VB ប្រារព្ធ/VB ឡើង/RB នៅ/IN ថ្ងៃ_ទី/NN ១/CD ខែ_មិថុនា/PN ។/KAN
ខ្ញុំ/PRO ឈ្មោះ/NN សុខ/PN លីន/PN
ឯក_ឧត្ដម/PRO ចាន់/PN
កញ្ញា/PRO គង់/PN សារ៉ន/PN
=================
ក្រៅ_ពី/IN នោះ/DT លិខិត/NN នេះ/DT បាន/AUX បញ្ជាក់/VB យ៉ាង/RB លម្អិត/JJ ពី/IN ការ~កិបកេង/NN ប្រាក់/NN ឧបត្ថម្ភ/NN ផ្សេង/JJ ៗ/DBL ពី/IN ក្រសួង/NN សរុប/JJ ជាង/IN ២៥/CD លាន/CD រៀល/PN ផ្សេង_ទៀត/JJ ។/KAN
លោក~ជំទាវ/PRO ណោន/PN សារម្យ/PN
លោក~ជំទាវ/PRO ប៉ូលែន/PN
ខ្ញុំ/PRO ឈ្មោះ/NN ថេងគ័ង/PN
លោក/PRO ដៀង/PN សុភា/PN
ឯក_ឧត្ដម/PRO សុផា/PN លីន/PN
ទិវា/NN សិទិ្ធ/NN កុមារ/NN អន្តរ_ជាតិ/NN គឺ/VB ត្រូវ_បាន/VB ប្រារព្ធ/VB ឡើង/RB នៅ/IN ថ្ងៃ_ទី/NN ១/CD ខែ_មិថុនា/PN ។/KAN
ខ្ញុំ/PRO ឈ្មោះ/NN សុខ/PN លីន/PN
ឯក_ឧត្ដម/PRO ចាន់/PN
កញ្ញា/PRO គង់/PN សារ៉ន/PN
=================

 KyTea Error: Badly formed model (header incorrect)
=================

 KyTea Error: Badly formed model (header incorrect)
=================
លោក~ស្រី/PRO ឃុន/PN វត្តី/PN ស្រី/PN រាជ្យនី/PN
គាត់/PRO ឈ្មោះ/NN មឿន/PN តឿប/UNK
លោក/PRO ឃូ/UNK ប៉ាវ/PN ស្រ៊ុន/PN
លោក~ជំទាវ/PRO សុខ/PN អាន/VB
ឯក_ឧត្ដម/PRO ពិសាល/PN
គាត់/PRO ឈ្មោះ/NN ម៉ៅ/PN វ៉ាន់និត/PN
កញ្ញា/PRO ហាត់/PN ទូច/PN
២/CD ./SYM ១/CD ប្រភព/NN ទាំងឡាយ/DT របស់/IN គម្រោង/NN
កញ្ញា/PRO យៀម/PN ស្រី/PN លាក់/PN
អ្នក~នាង/PRO ជា/VB និស្ស័យ/PN
=================
លោក~ស្រី/PRO ឃុន/PN វត្តី/PN ស្រី/PN រាជ្យនី/PN
គាត់/PRO ឈ្មោះ/NN មឿន/PN តឿប/PN
លោក/PRO ឃូ/UNK ប៉ាវ/PN ស្រ៊ុន/PN
លោក~ជំទាវ/PRO សុខ/PN អាន/PN
ឯក_ឧត្ដម/PRO ពិសាល/PN
គាត់/PRO ឈ្មោះ/NN ម៉ៅ/PN វ៉ាន់និត/PN
កញ្ញា/PRO ហាត់/PN ទូច/PN
២/CD ./SYM ១/CD ប្រភព/NN ទាំងឡាយ/DT របស់/IN គម្រោង/NN
កញ្ញា/PRO យៀម/PN ស្រី/PN លាក់/PN
អ្នក~នាង/PRO ជា/PN និស្ស័យ/PN
=================
លោក~ស្រី/PRO ឃុន/PN វត្តី/PN ស្រី/PN រាជ្យនី/PN
គាត់/PRO ឈ្មោះ/NN មឿន/PN តឿប/PN
លោក/PRO ឃូ/UNK ប៉ាវ/PN ស្រ៊ុន/PN
លោក~ជំទាវ/PRO សុខ/PN អាន/PN
ឯក_ឧត្ដម/PRO ពិសាល/PN
គាត់/PRO ឈ្មោះ/NN ម៉ៅ/PN វ៉ាន់និត/PN
កញ្ញា/PRO ហាត់/PN ទូច/PN
២/CD ./SYM ១/CD ប្រភព/NN ទាំងឡាយ/DT របស់/IN គម្រោង/NN
កញ្ញា/PRO យៀម/PN ស្រី/PN លាក់/PN
អ្នក~នាង/PRO ជា/PN និស្ស័យ/PN
=================
លោក~ស្រី/PRO ឃុន/PN វត្តី/PN ស្រី/PN រាជ្យនី/PN
គាត់/PRO ឈ្មោះ/NN មឿន/PN តឿប/PN
លោក/PRO ឃូ/PN ប៉ាវ/PN ស្រ៊ុន/PN
លោក~ជំទាវ/PRO សុខ/PN អាន/PN
ឯក_ឧត្ដម/PRO ពិសាល/PN
គាត់/PRO ឈ្មោះ/NN ម៉ៅ/PN វ៉ាន់និត/PN
កញ្ញា/PRO ហាត់/PN ទូច/PN
២/CD ./SYM ១/CD ប្រភព/NN ទាំងឡាយ/DT របស់/IN គម្រោង/NN
កញ្ញា/PRO យៀម/PN ស្រី/PN លាក់/PN
អ្នក~នាង/PRO ជា/PN និស្ស័យ/PN
=================

 KyTea Error: Badly formed model (header incorrect)
=================

 KyTea Error: Badly formed model (header incorrect)
=================

real	0m3.648s
user	0m3.540s
sys	0m0.111s

I got some errors, this kind of error might be first time to me.

==================

WHY???

I checked and found that happening only on train5 and train6 models:

ye@DL-Box:~/experiment/kh-pos/final-exp/kytea$ for i in {1..6}; do ls ./train$i/CLOSE*; done;
./train1/CLOSE-TEST.word.TAGGED
./train2/CLOSE-TEST.word.TAGGED
./train3/CLOSE-TEST.word.TAGGED
./train4/CLOSE-TEST.word.TAGGED
./train5/CLOSE-TEST.word.TAGGED
./train6/CLOSE-TEST.word.TAGGED
ye@DL-Box:~/experiment/kh-pos/final-exp/kytea$ for i in {1..6}; do ls ./train$i/OPEN*; done;
./train1/OPEN-TEST.word.TAGGED
./train2/OPEN-TEST.word.TAGGED
./train3/OPEN-TEST.word.TAGGED
./train4/OPEN-TEST.word.TAGGED
./train5/OPEN-TEST.word.TAGGED
./train6/OPEN-TEST.word.TAGGED
ye@DL-Box:~/experiment/kh-pos/final-exp/kytea$ for i in {1..6}; do wc ./train$i/CLOSE*; done;
  1000  10397 190809 ./train1/CLOSE-TEST.word.TAGGED
  1000  10397 190809 ./train2/CLOSE-TEST.word.TAGGED
  1000  10397 190816 ./train3/CLOSE-TEST.word.TAGGED
  1000  10397 190822 ./train4/CLOSE-TEST.word.TAGGED
0 0 0 ./train5/CLOSE-TEST.word.TAGGED
0 0 0 ./train6/CLOSE-TEST.word.TAGGED
ye@DL-Box:~/experiment/kh-pos/final-exp/kytea$ for i in {1..6}; do wc ./train$i/OPEN*; done;
  1000  10778 198189 ./train1/OPEN-TEST.word.TAGGED
  1000  10778 197835 ./train2/OPEN-TEST.word.TAGGED
  1000  10778 197714 ./train3/OPEN-TEST.word.TAGGED
  1000  10778 197652 ./train4/OPEN-TEST.word.TAGGED
0 0 0 ./train5/OPEN-TEST.word.TAGGED
0 0 0 ./train6/OPEN-TEST.word.TAGGED
ye@DL-Box:~/experiment/kh-pos/final-exp/kytea$ 

=================

Checked the models:

ye@DL-Box:~/experiment/kh-pos/final-exp/kytea$ for i in {1..6}; do ls ./train$i/train$i.model; done
./train1/train1.model
./train2/train2.model
./train3/train3.model
./train4/train4.model
./train5/train5.model
./train6/train6.model
ye@DL-Box:~/experiment/kh-pos/final-exp/kytea$ for i in {1..6}; do ls -la ./train$i/train$i.model; done
-rw-rw-r-- 1 ye ye 2852219 11月 14 17:36 ./train1/train1.model
-rw-rw-r-- 1 ye ye 5224418 11月 14 17:36 ./train2/train2.model
-rw-rw-r-- 1 ye ye 7486630 11月 14 17:36 ./train3/train3.model
-rw-rw-r-- 1 ye ye 9633698 11月 14 17:36 ./train4/train4.model
-rw-rw-r-- 1 ye ye 0 11月 14 17:36 ./train5/train5.model
-rw-rw-r-- 1 ye ye 0 11月 14 17:36 ./train6/train6.model


=================

Retrain only train5 and train6 training data and I got following error:

ye@DL-Box:~/experiment/kh-pos/final-exp/kytea$ time ./train-5-and-6.sh | tee kytea-5and6-retrain.log
Scanning dictionaries and corpora for vocabulary
Reading corpus from ./train5/train5 
 KyTea Error: Illegal tag separator in word position at ប៉ា/PN ច័ន្ទ/PN រឿន/PN អ្នក~ស្រាវជ្រាវ/NN ផ្នែក/NN ទស្សន_វិជ្ជា/NN &/SYM ការ~អភិវឌ្ឍ/NN និង/CC ប្រធាន/NN មជ្ឈមណ្ឌល/NN ទស្សន_វិជ្ជា/NN អនុវត្តន៍/NN និង/CC សីលធម៌/NN កម្ពុជា/PN
==========

Scanning dictionaries and corpora for vocabulary
Reading corpus from ./train6/train6 
 KyTea Error: Illegal tag separator in word position at ប៉ា/PN ច័ន្ទ/PN រឿន/PN អ្នក~ស្រាវជ្រាវ/NN ផ្នែក/NN ទស្សន_វិជ្ជា/NN &/SYM ការ~អភិវឌ្ឍ/NN និង/CC ប្រធាន/NN មជ្ឈមណ្ឌល/NN ទស្សន_វិជ្ជា/NN អនុវត្តន៍/NN និង/CC សីលធម៌/NN កម្ពុជា/PN
==========


real	0m0.422s
user	0m0.393s
sys	0m0.031s
ye@DL-Box:~/experiment/kh-pos/final-exp/kytea$ 


===============

OH same error because of & ... :)

I think I made some mistake in replacing & ... ?!

Re-train train5 and train6:

ye@DL-Box:~/experiment/kh-pos/final-exp/kytea$ time ./train-5-and-6.sh | tee kytea-5and6-retrain2.log 
Scanning dictionaries and corpora for vocabulary
Reading corpus from ./train5/train5  done (10000 lines)
Building dictionary index done!
Creating tagging features (tag 1) done!
Training local tag classifiers done!
Printing model to ./train5/train5.model done!
==========

Scanning dictionaries and corpora for vocabulary
Reading corpus from ./train6/train6  done (12000 lines)
Building dictionary index done!
Creating tagging features (tag 1) done!
Training local tag classifiers done!
Printing model to ./train6/train6.model done!
==========


real	0m5.912s
user	0m3.701s
sys	0m2.212s
ye@DL-Box:~/experiment/kh-pos/final-exp/kytea$ 

===============

Check the models:

ye@DL-Box:~/experiment/kh-pos/final-exp/kytea$ for i in {1..6}; do ls ./train$i/train$i.model; done
./train1/train1.model
./train2/train2.model
./train3/train3.model
./train4/train4.model
./train5/train5.model
./train6/train6.model
ye@DL-Box:~/experiment/kh-pos/final-exp/kytea$ for i in {1..6}; do wc ./train$i/train$i.model; done
 289487  762203 2852219 ./train1/train1.model
 489400 1434877 5224418 ./train2/train2.model
 683343 2081738 7486630 ./train3/train3.model
 864931 2691861 9633698 ./train4/train4.model
 1023882  3260290 11608510 ./train5/train5.model
 1168030  3824040 13521325 ./train6/train6.model
ye@DL-Box:~/experiment/kh-pos/final-exp/kytea$ 

It looks OK ~~~~~! :)

=================

Test All again:

ye@DL-Box:~/experiment/kh-pos/final-exp/kytea$ ./test-all.sh 
ក្រៅ_ពី/IN នោះ/DT លិខិត/NN នេះ/DT បាន/AUX បញ្ជាក់/VB យ៉ាង/RB លម្អិត/JJ ពី/IN ការ~កិបកេង/NN ប្រាក់/NN ឧបត្ថម្ភ/NN ផ្សេង/JJ ៗ/DBL ពី/IN ក្រសួង/NN សរុប/JJ ជាង/IN ២៥/CD លាន/CD រៀល/PN ផ្សេង_ទៀត/JJ ។/KAN
លោក~ជំទាវ/PRO ណោន/PN សារម្យ/PN
លោក~ជំទាវ/PRO ប៉ូលែន/PN
ខ្ញុំ/PRO ឈ្មោះ/NN ថេងគ័ង/PN
លោក/PRO ដៀង/PN សុភា/PN
ឯក_ឧត្ដម/PRO សុផា/PN លីន/PN
ទិវា/NN សិទិ្ធ/NN កុមារ/NN អន្តរ_ជាតិ/NN គឺ/VB ត្រូវ_បាន/VB ប្រារព្ធ/VB ឡើង/RB នៅ/IN ថ្ងៃ_ទី/NN ១/CD ខែ_មិថុនា/PN ។/KAN
ខ្ញុំ/PRO ឈ្មោះ/NN សុខ/PN លីន/PN
ឯក_ឧត្ដម/PRO ចាន់/PN
កញ្ញា/PRO គង់/PN សារ៉ន/PN
=================
ក្រៅ_ពី/IN នោះ/DT លិខិត/NN នេះ/DT បាន/AUX បញ្ជាក់/VB យ៉ាង/RB លម្អិត/JJ ពី/IN ការ~កិបកេង/NN ប្រាក់/NN ឧបត្ថម្ភ/NN ផ្សេង/JJ ៗ/DBL ពី/IN ក្រសួង/NN សរុប/JJ ជាង/IN ២៥/CD លាន/CD រៀល/PN ផ្សេង_ទៀត/JJ ។/KAN
លោក~ជំទាវ/PRO ណោន/PN សារម្យ/PN
លោក~ជំទាវ/PRO ប៉ូលែន/PN
ខ្ញុំ/PRO ឈ្មោះ/NN ថេងគ័ង/PN
លោក/PRO ដៀង/PN សុភា/PN
ឯក_ឧត្ដម/PRO សុផា/PN លីន/PN
ទិវា/NN សិទិ្ធ/NN កុមារ/NN អន្តរ_ជាតិ/NN គឺ/VB ត្រូវ_បាន/VB ប្រារព្ធ/VB ឡើង/RB នៅ/IN ថ្ងៃ_ទី/NN ១/CD ខែ_មិថុនា/PN ។/KAN
ខ្ញុំ/PRO ឈ្មោះ/NN សុខ/PN លីន/PN
ឯក_ឧត្ដម/PRO ចាន់/PN
កញ្ញា/PRO គង់/PN សារ៉ន/PN
=================
ក្រៅ_ពី/IN នោះ/DT លិខិត/NN នេះ/DT បាន/AUX បញ្ជាក់/VB យ៉ាង/RB លម្អិត/JJ ពី/IN ការ~កិបកេង/NN ប្រាក់/NN ឧបត្ថម្ភ/NN ផ្សេង/JJ ៗ/DBL ពី/IN ក្រសួង/NN សរុប/JJ ជាង/IN ២៥/CD លាន/CD រៀល/PN ផ្សេង_ទៀត/JJ ។/KAN
លោក~ជំទាវ/PRO ណោន/PN សារម្យ/PN
លោក~ជំទាវ/PRO ប៉ូលែន/PN
ខ្ញុំ/PRO ឈ្មោះ/NN ថេងគ័ង/PN
លោក/PRO ដៀង/PN សុភា/PN
ឯក_ឧត្ដម/PRO សុផា/PN លីន/PN
ទិវា/NN សិទិ្ធ/NN កុមារ/NN អន្តរ_ជាតិ/NN គឺ/VB ត្រូវ_បាន/VB ប្រារព្ធ/VB ឡើង/RB នៅ/IN ថ្ងៃ_ទី/NN ១/CD ខែ_មិថុនា/PN ។/KAN
ខ្ញុំ/PRO ឈ្មោះ/NN សុខ/PN លីន/PN
ឯក_ឧត្ដម/PRO ចាន់/PN
កញ្ញា/PRO គង់/PN សារ៉ន/PN
=================
ក្រៅ_ពី/IN នោះ/DT លិខិត/NN នេះ/DT បាន/AUX បញ្ជាក់/VB យ៉ាង/RB លម្អិត/JJ ពី/IN ការ~កិបកេង/NN ប្រាក់/NN ឧបត្ថម្ភ/NN ផ្សេង/JJ ៗ/DBL ពី/IN ក្រសួង/NN សរុប/JJ ជាង/IN ២៥/CD លាន/CD រៀល/PN ផ្សេង_ទៀត/JJ ។/KAN
លោក~ជំទាវ/PRO ណោន/PN សារម្យ/PN
លោក~ជំទាវ/PRO ប៉ូលែន/PN
ខ្ញុំ/PRO ឈ្មោះ/NN ថេងគ័ង/PN
លោក/PRO ដៀង/PN សុភា/PN
ឯក_ឧត្ដម/PRO សុផា/PN លីន/PN
ទិវា/NN សិទិ្ធ/NN កុមារ/NN អន្តរ_ជាតិ/NN គឺ/VB ត្រូវ_បាន/VB ប្រារព្ធ/VB ឡើង/RB នៅ/IN ថ្ងៃ_ទី/NN ១/CD ខែ_មិថុនា/PN ។/KAN
ខ្ញុំ/PRO ឈ្មោះ/NN សុខ/PN លីន/PN
ឯក_ឧត្ដម/PRO ចាន់/PN
កញ្ញា/PRO គង់/PN សារ៉ន/PN
=================
ក្រៅ_ពី/IN នោះ/DT លិខិត/NN នេះ/DT បាន/AUX បញ្ជាក់/VB យ៉ាង/RB លម្អិត/JJ ពី/IN ការ~កិបកេង/NN ប្រាក់/NN ឧបត្ថម្ភ/NN ផ្សេង/JJ ៗ/DBL ពី/IN ក្រសួង/NN សរុប/JJ ជាង/IN ២៥/CD លាន/CD រៀល/PN ផ្សេង_ទៀត/JJ ។/KAN
លោក~ជំទាវ/PRO ណោន/PN សារម្យ/PN
លោក~ជំទាវ/PRO ប៉ូលែន/PN
ខ្ញុំ/PRO ឈ្មោះ/NN ថេងគ័ង/PN
លោក/PRO ដៀង/PN សុភា/PN
ឯក_ឧត្ដម/PRO សុផា/PN លីន/PN
ទិវា/NN សិទិ្ធ/NN កុមារ/NN អន្តរ_ជាតិ/NN គឺ/VB ត្រូវ_បាន/VB ប្រារព្ធ/VB ឡើង/RB នៅ/IN ថ្ងៃ_ទី/NN ១/CD ខែ_មិថុនា/PN ។/KAN
ខ្ញុំ/PRO ឈ្មោះ/NN សុខ/PN លីន/PN
ឯក_ឧត្ដម/PRO ចាន់/PN
កញ្ញា/PRO គង់/PN សារ៉ន/PN
=================
ក្រៅ_ពី/IN នោះ/DT លិខិត/NN នេះ/DT បាន/AUX បញ្ជាក់/VB យ៉ាង/RB លម្អិត/JJ ពី/IN ការ~កិបកេង/NN ប្រាក់/NN ឧបត្ថម្ភ/NN ផ្សេង/JJ ៗ/DBL ពី/IN ក្រសួង/NN សរុប/JJ ជាង/IN ២៥/CD លាន/CD រៀល/PN ផ្សេង_ទៀត/JJ ។/KAN
លោក~ជំទាវ/PRO ណោន/PN សារម្យ/PN
លោក~ជំទាវ/PRO ប៉ូលែន/PN
ខ្ញុំ/PRO ឈ្មោះ/NN ថេងគ័ង/PN
លោក/PRO ដៀង/PN សុភា/PN
ឯក_ឧត្ដម/PRO សុផា/PN លីន/PN
ទិវា/NN សិទិ្ធ/NN កុមារ/NN អន្តរ_ជាតិ/NN គឺ/VB ត្រូវ_បាន/VB ប្រារព្ធ/VB ឡើង/RB នៅ/IN ថ្ងៃ_ទី/NN ១/CD ខែ_មិថុនា/PN ។/KAN
ខ្ញុំ/PRO ឈ្មោះ/NN សុខ/PN លីន/PN
ឯក_ឧត្ដម/PRO ចាន់/PN
កញ្ញា/PRO គង់/PN សារ៉ន/PN
=================
លោក~ស្រី/PRO ឃុន/PN វត្តី/PN ស្រី/PN រាជ្យនី/PN
គាត់/PRO ឈ្មោះ/NN មឿន/PN តឿប/UNK
លោក/PRO ឃូ/UNK ប៉ាវ/PN ស្រ៊ុន/PN
លោក~ជំទាវ/PRO សុខ/PN អាន/VB
ឯក_ឧត្ដម/PRO ពិសាល/PN
គាត់/PRO ឈ្មោះ/NN ម៉ៅ/PN វ៉ាន់និត/PN
កញ្ញា/PRO ហាត់/PN ទូច/PN
២/CD ./SYM ១/CD ប្រភព/NN ទាំងឡាយ/DT របស់/IN គម្រោង/NN
កញ្ញា/PRO យៀម/PN ស្រី/PN លាក់/PN
អ្នក~នាង/PRO ជា/VB និស្ស័យ/PN
=================
លោក~ស្រី/PRO ឃុន/PN វត្តី/PN ស្រី/PN រាជ្យនី/PN
គាត់/PRO ឈ្មោះ/NN មឿន/PN តឿប/PN
លោក/PRO ឃូ/UNK ប៉ាវ/PN ស្រ៊ុន/PN
លោក~ជំទាវ/PRO សុខ/PN អាន/PN
ឯក_ឧត្ដម/PRO ពិសាល/PN
គាត់/PRO ឈ្មោះ/NN ម៉ៅ/PN វ៉ាន់និត/PN
កញ្ញា/PRO ហាត់/PN ទូច/PN
២/CD ./SYM ១/CD ប្រភព/NN ទាំងឡាយ/DT របស់/IN គម្រោង/NN
កញ្ញា/PRO យៀម/PN ស្រី/PN លាក់/PN
អ្នក~នាង/PRO ជា/PN និស្ស័យ/PN
=================
លោក~ស្រី/PRO ឃុន/PN វត្តី/PN ស្រី/PN រាជ្យនី/PN
គាត់/PRO ឈ្មោះ/NN មឿន/PN តឿប/PN
លោក/PRO ឃូ/UNK ប៉ាវ/PN ស្រ៊ុន/PN
លោក~ជំទាវ/PRO សុខ/PN អាន/PN
ឯក_ឧត្ដម/PRO ពិសាល/PN
គាត់/PRO ឈ្មោះ/NN ម៉ៅ/PN វ៉ាន់និត/PN
កញ្ញា/PRO ហាត់/PN ទូច/PN
២/CD ./SYM ១/CD ប្រភព/NN ទាំងឡាយ/DT របស់/IN គម្រោង/NN
កញ្ញា/PRO យៀម/PN ស្រី/PN លាក់/PN
អ្នក~នាង/PRO ជា/PN និស្ស័យ/PN
=================
លោក~ស្រី/PRO ឃុន/PN វត្តី/PN ស្រី/PN រាជ្យនី/PN
គាត់/PRO ឈ្មោះ/NN មឿន/PN តឿប/PN
លោក/PRO ឃូ/PN ប៉ាវ/PN ស្រ៊ុន/PN
លោក~ជំទាវ/PRO សុខ/PN អាន/PN
ឯក_ឧត្ដម/PRO ពិសាល/PN
គាត់/PRO ឈ្មោះ/NN ម៉ៅ/PN វ៉ាន់និត/PN
កញ្ញា/PRO ហាត់/PN ទូច/PN
២/CD ./SYM ១/CD ប្រភព/NN ទាំងឡាយ/DT របស់/IN គម្រោង/NN
កញ្ញា/PRO យៀម/PN ស្រី/PN លាក់/PN
អ្នក~នាង/PRO ជា/PN និស្ស័យ/PN
=================
លោក~ស្រី/PRO ឃុន/PN វត្តី/PN ស្រី/PN រាជ្យនី/PN
គាត់/PRO ឈ្មោះ/NN មឿន/PN តឿប/PN
លោក/PRO ឃូ/PN ប៉ាវ/PN ស្រ៊ុន/PN
លោក~ជំទាវ/PRO សុខ/PN អាន/PN
ឯក_ឧត្ដម/PRO ពិសាល/PN
គាត់/PRO ឈ្មោះ/NN ម៉ៅ/PN វ៉ាន់និត/PN
កញ្ញា/PRO ហាត់/PN ទូច/PN
២/CD ./SYM ១/CD ប្រភព/NN ទាំងឡាយ/DT របស់/IN គម្រោង/NN
កញ្ញា/PRO យៀម/PN ស្រី/PN លាក់/PN
អ្នក~នាង/PRO ជា/PN និស្ស័យ/PN
=================
លោក~ស្រី/PRO ឃុន/PN វត្តី/PN ស្រី/PN រាជ្យនី/PN
គាត់/PRO ឈ្មោះ/NN មឿន/PN តឿប/PN
លោក/PRO ឃូ/PN ប៉ាវ/PN ស្រ៊ុន/PN
លោក~ជំទាវ/PRO សុខ/PN អាន/PN
ឯក_ឧត្ដម/PRO ពិសាល/PN
គាត់/PRO ឈ្មោះ/NN ម៉ៅ/PN វ៉ាន់និត/PN
កញ្ញា/PRO ហាត់/PN ទូច/PN
២/CD ./SYM ១/CD ប្រភព/NN ទាំងឡាយ/DT របស់/IN គម្រោង/NN
កញ្ញា/PRO យៀម/PN ស្រី/PN លាក់/PN
អ្នក~នាង/PRO ជា/PN និស្ស័យ/PN
=================
ye@DL-Box:~/experiment/kh-pos/final-exp/kytea$ 

================

Evaluation:

ye@DL-Box:~/experiment/kh-pos/final-exp/kytea$ ./eval-kytea.sh | tee kytea-accuracy.log

Evaluation for closed-test with train1:
Accuracy: 99.40% (10335/10397)

Most common mistakes:
»/RBR --> »/SYM	28
)/RBR --> )/SYM	16
”/RBR --> ”/SYM	11
ទូលំទូលាយ/NN --> ទូលំទូលាយ/JJ	1
ព្រេង/NN --> ព្រេង/JJ	1
ថ្មី/RB --> ថ្មី/JJ	1
ដើម/JJ --> ដើម/NN	1
JJ --> មាន/VB	1
ផ្សាយ/VB --> JJ	1
ដដែល/JJ --> ដដែល/RB	1

Evaluation for closed-test with train2:
Accuracy: 99.32% (10326/10397)

Most common mistakes:
»/RBR --> »/SYM	28
)/RBR --> )/SYM	16
”/RBR --> ”/SYM	11
មាន/VB --> JJ	3
រួច/VB --> រួច/RB	1
ជា/IN --> ជា/VB	1
JJ --> មាន/VB	1
លី/VB --> លី/PN	1
ថ្មី/RB --> ថ្មី/JJ	1
លែង/NN --> លែង/VB	1

Evaluation for closed-test with train3:
Accuracy: 99.24% (10318/10397)

Most common mistakes:
»/RBR --> »/SYM	28
)/RBR --> )/SYM	16
”/RBR --> ”/SYM	11
មាន/VB --> JJ	3
ដើម/NN --> ដើម/JJ	2
ខាន/VCOM --> ខាន/RB	1
លី/VB --> លី/PN	1
ទូលំទូលាយ/NN --> ទូលំទូលាយ/JJ	1
ជូន/VB --> ជូន/IN	1
ជា/IN --> ជា/VB	1

Evaluation for closed-test with train4:
Accuracy: 99.24% (10318/10397)

Most common mistakes:
»/RBR --> »/SYM	28
)/RBR --> )/SYM	16
”/RBR --> ”/SYM	11
មាន/VB --> JJ	3
ជូន/VB --> ជូន/IN	2
ដើម/NN --> ដើម/JJ	2
ទៅ/RB --> ទៅ/IN	1
ទូលំទូលាយ/NN --> ទូលំទូលាយ/JJ	1
ជា/IN --> ជា/VB	1
ដដែល/JJ --> ដដែល/RB	1

Evaluation for closed-test with train5:
Accuracy: 99.23% (10317/10397)

Most common mistakes:
»/RBR --> »/SYM	28
)/RBR --> )/SYM	16
”/RBR --> ”/SYM	11
មាន/VB --> JJ	3
ដើម/NN --> ដើម/JJ	2
ទូលំទូលាយ/JJ --> ទូលំទូលាយ/NN	1
ទៅ/RB --> ទៅ/IN	1
ជា/IN --> ជា/VB	1
តាំង/VB --> JJ	1
ពាក់ព័ន្ធ/VB --> JJ	1

Evaluation for closed-test with train6:
Accuracy: 99.18% (10312/10397)

Most common mistakes:
»/RBR --> »/SYM	28
)/RBR --> )/SYM	16
”/RBR --> ”/SYM	11
មាន/VB --> JJ	3
ដើម/NN --> ដើម/JJ	2
JJ --> ប្រឆាំង/JJ	1
JJ --> មាន/VB	1
ឆ្លង/JJ --> JJ	1
ដដែល/JJ --> ដដែល/RB	1
ជា/IN --> ជា/VB	1

Evaluation for open-test with train1:
Accuracy: 87.22% (9401/10778)

Most common mistakes:
ជា/IN --> ជា/VB	14
បាន/VCOM --> បាន/AUX	12
ឲ្យ/VB --> ឲ្យ/IN	8
ជា/VB --> ជា/IN	8
នៅ/VB --> នៅ/IN	7
ព្រះ~អង្គ/NN --> ព្រះ~អង្គ/PRO	7
នឹង/IN --> នឹង/AUX	6
ឃឿង/PN --> ឃឿង/UNK	6
មក/IN --> មក/VB	6
ចិត្ត/NN --> ចិត្ត/UNK	6

Evaluation for open-test with train2:
Accuracy: 91.37% (9848/10778)

Most common mistakes:
ជា/IN --> ជា/VB	11
ព្រះ~អង្គ/NN --> ព្រះ~អង្គ/PRO	7
បាន/VCOM --> បាន/AUX	7
ជា/VB --> ជា/IN	7
ចិត្ត/NN --> ចិត្ត/UNK	6
ឲ្យ/VB --> ឲ្យ/IN	6
JJ --> មាន/VB	6
មក/IN --> មក/VB	6
នៅ/VB --> នៅ/IN	5
ហើយ/CC --> ហើយ/RB	4

Evaluation for open-test with train3:
Accuracy: 93.15% (10040/10778)

Most common mistakes:
ជា/IN --> ជា/VB	8
បាន/VCOM --> បាន/AUX	7
ចិត្ត/NN --> ចិត្ត/UNK	6
ហើយ/RB --> ហើយ/CC	6
JJ --> មាន/VB	5
ជា/VB --> ជា/IN	5
ហើយ/CC --> ហើយ/RB	4
មក/IN --> មក/VB	4
បាន/AUX --> បាន/VCOM	4
នៅ/VB --> នៅ/IN	4

Evaluation for open-test with train4:
Accuracy: 93.86% (10116/10778)

Most common mistakes:
ជា/IN --> ជា/VB	7
បាន/VCOM --> បាន/AUX	6
ហើយ/CC --> ហើយ/RB	6
ចិត្ត/NN --> ចិត្ត/UNK	5
JJ --> មាន/VB	5
ជា/VB --> ជា/IN	5
នៅ/VB --> នៅ/IN	5
JJ --> ជា/VB	5
ឲ្យ/VB --> ឲ្យ/IN	4
ព្រះ~អង្គ/NN --> ព្រះ~អង្គ/PRO	4

Evaluation for open-test with train5:
Accuracy: 94.30% (10164/10778)

Most common mistakes:
ជា/IN --> ជា/VB	12
ហើយ/CC --> ហើយ/RB	6
JJ --> មាន/VB	5
ចិត្ត/NN --> ចិត្ត/UNK	5
ឲ្យ/IN --> ឲ្យ/VB	5
បាន/VCOM --> បាន/AUX	5
មាន/VB --> JJ	5
JJ --> ជា/VB	5
ជា/VB --> ជា/IN	5
ទៅ/VB --> ទៅ/IN	4

Evaluation for open-test with train6:
Accuracy: 94.57% (10193/10778)

Most common mistakes:
ជា/IN --> ជា/VB	11
ហើយ/CC --> ហើយ/RB	7
ហើយ/RB --> ហើយ/CC	6
បាន/VCOM --> បាន/AUX	5
ចេញ/VB --> ចេញ/PA	5
ជា/VB --> ជា/IN	5
ខ្លួន/PRO --> ខ្លួន/NN	5
JJ --> មាន/VB	5
ចិត្ត/NN --> ចិត្ត/UNK	5
ឲ្យ/VB --> ឲ្យ/IN	4
ye@DL-Box:~/experiment/kh-pos/final-exp/kytea$ 


============= FIN ======================

Not FIN :)

I found that 

Most common mistakes:
»/RBR --> »/SYM	28
)/RBR --> )/SYM	16
”/RBR --> ”/SYM	11

I need to update CLOSE and OPEN test data ....
RBR to SYM

==========================

I updated CLOSE* and OPEN* test data and re-test Kytea or SVM approach again:

ye@DL-Box:~/experiment/kh-pos/final-exp/kytea$ ./test-all.sh | tee kytea-testing2.log
ក្រៅ_ពី/IN នោះ/DT លិខិត/NN នេះ/DT បាន/AUX បញ្ជាក់/VB យ៉ាង/RB លម្អិត/JJ ពី/IN ការ~កិបកេង/NN ប្រាក់/NN ឧបត្ថម្ភ/NN ផ្សេង/JJ ៗ/DBL ពី/IN ក្រសួង/NN សរុប/JJ ជាង/IN ២៥/CD លាន/CD រៀល/PN ផ្សេង_ទៀត/JJ ។/KAN
លោក~ជំទាវ/PRO ណោន/PN សារម្យ/PN
លោក~ជំទាវ/PRO ប៉ូលែន/PN
ខ្ញុំ/PRO ឈ្មោះ/NN ថេងគ័ង/PN
លោក/PRO ដៀង/PN សុភា/PN
ឯក_ឧត្ដម/PRO សុផា/PN លីន/PN
ទិវា/NN សិទិ្ធ/NN កុមារ/NN អន្តរ_ជាតិ/NN គឺ/VB ត្រូវ_បាន/VB ប្រារព្ធ/VB ឡើង/RB នៅ/IN ថ្ងៃ_ទី/NN ១/CD ខែ_មិថុនា/PN ។/KAN
ខ្ញុំ/PRO ឈ្មោះ/NN សុខ/PN លីន/PN
ឯក_ឧត្ដម/PRO ចាន់/PN
កញ្ញា/PRO គង់/PN សារ៉ន/PN
=================
ក្រៅ_ពី/IN នោះ/DT លិខិត/NN នេះ/DT បាន/AUX បញ្ជាក់/VB យ៉ាង/RB លម្អិត/JJ ពី/IN ការ~កិបកេង/NN ប្រាក់/NN ឧបត្ថម្ភ/NN ផ្សេង/JJ ៗ/DBL ពី/IN ក្រសួង/NN សរុប/JJ ជាង/IN ២៥/CD លាន/CD រៀល/PN ផ្សេង_ទៀត/JJ ។/KAN
លោក~ជំទាវ/PRO ណោន/PN សារម្យ/PN
លោក~ជំទាវ/PRO ប៉ូលែន/PN
ខ្ញុំ/PRO ឈ្មោះ/NN ថេងគ័ង/PN
លោក/PRO ដៀង/PN សុភា/PN
ឯក_ឧត្ដម/PRO សុផា/PN លីន/PN
ទិវា/NN សិទិ្ធ/NN កុមារ/NN អន្តរ_ជាតិ/NN គឺ/VB ត្រូវ_បាន/VB ប្រារព្ធ/VB ឡើង/RB នៅ/IN ថ្ងៃ_ទី/NN ១/CD ខែ_មិថុនា/PN ។/KAN
ខ្ញុំ/PRO ឈ្មោះ/NN សុខ/PN លីន/PN
ឯក_ឧត្ដម/PRO ចាន់/PN
កញ្ញា/PRO គង់/PN សារ៉ន/PN
=================
ក្រៅ_ពី/IN នោះ/DT លិខិត/NN នេះ/DT បាន/AUX បញ្ជាក់/VB យ៉ាង/RB លម្អិត/JJ ពី/IN ការ~កិបកេង/NN ប្រាក់/NN ឧបត្ថម្ភ/NN ផ្សេង/JJ ៗ/DBL ពី/IN ក្រសួង/NN សរុប/JJ ជាង/IN ២៥/CD លាន/CD រៀល/PN ផ្សេង_ទៀត/JJ ។/KAN
លោក~ជំទាវ/PRO ណោន/PN សារម្យ/PN
លោក~ជំទាវ/PRO ប៉ូលែន/PN
ខ្ញុំ/PRO ឈ្មោះ/NN ថេងគ័ង/PN
លោក/PRO ដៀង/PN សុភា/PN
ឯក_ឧត្ដម/PRO សុផា/PN លីន/PN
ទិវា/NN សិទិ្ធ/NN កុមារ/NN អន្តរ_ជាតិ/NN គឺ/VB ត្រូវ_បាន/VB ប្រារព្ធ/VB ឡើង/RB នៅ/IN ថ្ងៃ_ទី/NN ១/CD ខែ_មិថុនា/PN ។/KAN
ខ្ញុំ/PRO ឈ្មោះ/NN សុខ/PN លីន/PN
ឯក_ឧត្ដម/PRO ចាន់/PN
កញ្ញា/PRO គង់/PN សារ៉ន/PN
=================
ក្រៅ_ពី/IN នោះ/DT លិខិត/NN នេះ/DT បាន/AUX បញ្ជាក់/VB យ៉ាង/RB លម្អិត/JJ ពី/IN ការ~កិបកេង/NN ប្រាក់/NN ឧបត្ថម្ភ/NN ផ្សេង/JJ ៗ/DBL ពី/IN ក្រសួង/NN សរុប/JJ ជាង/IN ២៥/CD លាន/CD រៀល/PN ផ្សេង_ទៀត/JJ ។/KAN
លោក~ជំទាវ/PRO ណោន/PN សារម្យ/PN
លោក~ជំទាវ/PRO ប៉ូលែន/PN
ខ្ញុំ/PRO ឈ្មោះ/NN ថេងគ័ង/PN
លោក/PRO ដៀង/PN សុភា/PN
ឯក_ឧត្ដម/PRO សុផា/PN លីន/PN
ទិវា/NN សិទិ្ធ/NN កុមារ/NN អន្តរ_ជាតិ/NN គឺ/VB ត្រូវ_បាន/VB ប្រារព្ធ/VB ឡើង/RB នៅ/IN ថ្ងៃ_ទី/NN ១/CD ខែ_មិថុនា/PN ។/KAN
ខ្ញុំ/PRO ឈ្មោះ/NN សុខ/PN លីន/PN
ឯក_ឧត្ដម/PRO ចាន់/PN
កញ្ញា/PRO គង់/PN សារ៉ន/PN
=================
ក្រៅ_ពី/IN នោះ/DT លិខិត/NN នេះ/DT បាន/AUX បញ្ជាក់/VB យ៉ាង/RB លម្អិត/JJ ពី/IN ការ~កិបកេង/NN ប្រាក់/NN ឧបត្ថម្ភ/NN ផ្សេង/JJ ៗ/DBL ពី/IN ក្រសួង/NN សរុប/JJ ជាង/IN ២៥/CD លាន/CD រៀល/PN ផ្សេង_ទៀត/JJ ។/KAN
លោក~ជំទាវ/PRO ណោន/PN សារម្យ/PN
លោក~ជំទាវ/PRO ប៉ូលែន/PN
ខ្ញុំ/PRO ឈ្មោះ/NN ថេងគ័ង/PN
លោក/PRO ដៀង/PN សុភា/PN
ឯក_ឧត្ដម/PRO សុផា/PN លីន/PN
ទិវា/NN សិទិ្ធ/NN កុមារ/NN អន្តរ_ជាតិ/NN គឺ/VB ត្រូវ_បាន/VB ប្រារព្ធ/VB ឡើង/RB នៅ/IN ថ្ងៃ_ទី/NN ១/CD ខែ_មិថុនា/PN ។/KAN
ខ្ញុំ/PRO ឈ្មោះ/NN សុខ/PN លីន/PN
ឯក_ឧត្ដម/PRO ចាន់/PN
កញ្ញា/PRO គង់/PN សារ៉ន/PN
=================
ក្រៅ_ពី/IN នោះ/DT លិខិត/NN នេះ/DT បាន/AUX បញ្ជាក់/VB យ៉ាង/RB លម្អិត/JJ ពី/IN ការ~កិបកេង/NN ប្រាក់/NN ឧបត្ថម្ភ/NN ផ្សេង/JJ ៗ/DBL ពី/IN ក្រសួង/NN សរុប/JJ ជាង/IN ២៥/CD លាន/CD រៀល/PN ផ្សេង_ទៀត/JJ ។/KAN
លោក~ជំទាវ/PRO ណោន/PN សារម្យ/PN
លោក~ជំទាវ/PRO ប៉ូលែន/PN
ខ្ញុំ/PRO ឈ្មោះ/NN ថេងគ័ង/PN
លោក/PRO ដៀង/PN សុភា/PN
ឯក_ឧត្ដម/PRO សុផា/PN លីន/PN
ទិវា/NN សិទិ្ធ/NN កុមារ/NN អន្តរ_ជាតិ/NN គឺ/VB ត្រូវ_បាន/VB ប្រារព្ធ/VB ឡើង/RB នៅ/IN ថ្ងៃ_ទី/NN ១/CD ខែ_មិថុនា/PN ។/KAN
ខ្ញុំ/PRO ឈ្មោះ/NN សុខ/PN លីន/PN
ឯក_ឧត្ដម/PRO ចាន់/PN
កញ្ញា/PRO គង់/PN សារ៉ន/PN
=================
លោក~ស្រី/PRO ឃុន/PN វត្តី/PN ស្រី/PN រាជ្យនី/PN
គាត់/PRO ឈ្មោះ/NN មឿន/PN តឿប/UNK
លោក/PRO ឃូ/UNK ប៉ាវ/PN ស្រ៊ុន/PN
លោក~ជំទាវ/PRO សុខ/PN អាន/VB
ឯក_ឧត្ដម/PRO ពិសាល/PN
គាត់/PRO ឈ្មោះ/NN ម៉ៅ/PN វ៉ាន់និត/PN
កញ្ញា/PRO ហាត់/PN ទូច/PN
២/CD ./SYM ១/CD ប្រភព/NN ទាំងឡាយ/DT របស់/IN គម្រោង/NN
កញ្ញា/PRO យៀម/PN ស្រី/PN លាក់/PN
អ្នក~នាង/PRO ជា/VB និស្ស័យ/PN
=================
លោក~ស្រី/PRO ឃុន/PN វត្តី/PN ស្រី/PN រាជ្យនី/PN
គាត់/PRO ឈ្មោះ/NN មឿន/PN តឿប/PN
លោក/PRO ឃូ/UNK ប៉ាវ/PN ស្រ៊ុន/PN
លោក~ជំទាវ/PRO សុខ/PN អាន/PN
ឯក_ឧត្ដម/PRO ពិសាល/PN
គាត់/PRO ឈ្មោះ/NN ម៉ៅ/PN វ៉ាន់និត/PN
កញ្ញា/PRO ហាត់/PN ទូច/PN
២/CD ./SYM ១/CD ប្រភព/NN ទាំងឡាយ/DT របស់/IN គម្រោង/NN
កញ្ញា/PRO យៀម/PN ស្រី/PN លាក់/PN
អ្នក~នាង/PRO ជា/PN និស្ស័យ/PN
=================
លោក~ស្រី/PRO ឃុន/PN វត្តី/PN ស្រី/PN រាជ្យនី/PN
គាត់/PRO ឈ្មោះ/NN មឿន/PN តឿប/PN
លោក/PRO ឃូ/UNK ប៉ាវ/PN ស្រ៊ុន/PN
លោក~ជំទាវ/PRO សុខ/PN អាន/PN
ឯក_ឧត្ដម/PRO ពិសាល/PN
គាត់/PRO ឈ្មោះ/NN ម៉ៅ/PN វ៉ាន់និត/PN
កញ្ញា/PRO ហាត់/PN ទូច/PN
២/CD ./SYM ១/CD ប្រភព/NN ទាំងឡាយ/DT របស់/IN គម្រោង/NN
កញ្ញា/PRO យៀម/PN ស្រី/PN លាក់/PN
អ្នក~នាង/PRO ជា/PN និស្ស័យ/PN
=================
លោក~ស្រី/PRO ឃុន/PN វត្តី/PN ស្រី/PN រាជ្យនី/PN
គាត់/PRO ឈ្មោះ/NN មឿន/PN តឿប/PN
លោក/PRO ឃូ/PN ប៉ាវ/PN ស្រ៊ុន/PN
លោក~ជំទាវ/PRO សុខ/PN អាន/PN
ឯក_ឧត្ដម/PRO ពិសាល/PN
គាត់/PRO ឈ្មោះ/NN ម៉ៅ/PN វ៉ាន់និត/PN
កញ្ញា/PRO ហាត់/PN ទូច/PN
២/CD ./SYM ១/CD ប្រភព/NN ទាំងឡាយ/DT របស់/IN គម្រោង/NN
កញ្ញា/PRO យៀម/PN ស្រី/PN លាក់/PN
អ្នក~នាង/PRO ជា/PN និស្ស័យ/PN
=================
លោក~ស្រី/PRO ឃុន/PN វត្តី/PN ស្រី/PN រាជ្យនី/PN
គាត់/PRO ឈ្មោះ/NN មឿន/PN តឿប/PN
លោក/PRO ឃូ/PN ប៉ាវ/PN ស្រ៊ុន/PN
លោក~ជំទាវ/PRO សុខ/PN អាន/PN
ឯក_ឧត្ដម/PRO ពិសាល/PN
គាត់/PRO ឈ្មោះ/NN ម៉ៅ/PN វ៉ាន់និត/PN
កញ្ញា/PRO ហាត់/PN ទូច/PN
២/CD ./SYM ១/CD ប្រភព/NN ទាំងឡាយ/DT របស់/IN គម្រោង/NN
កញ្ញា/PRO យៀម/PN ស្រី/PN លាក់/PN
អ្នក~នាង/PRO ជា/PN និស្ស័យ/PN
=================
លោក~ស្រី/PRO ឃុន/PN វត្តី/PN ស្រី/PN រាជ្យនី/PN
គាត់/PRO ឈ្មោះ/NN មឿន/PN តឿប/PN
លោក/PRO ឃូ/PN ប៉ាវ/PN ស្រ៊ុន/PN
លោក~ជំទាវ/PRO សុខ/PN អាន/PN
ឯក_ឧត្ដម/PRO ពិសាល/PN
គាត់/PRO ឈ្មោះ/NN ម៉ៅ/PN វ៉ាន់និត/PN
កញ្ញា/PRO ហាត់/PN ទូច/PN
២/CD ./SYM ១/CD ប្រភព/NN ទាំងឡាយ/DT របស់/IN គម្រោង/NN
កញ្ញា/PRO យៀម/PN ស្រី/PN លាក់/PN
អ្នក~នាង/PRO ជា/PN និស្ស័យ/PN
=================
ye@DL-Box:~/experiment/kh-pos/final-exp/kytea$

=============================

ye@DL-Box:~/experiment/kh-pos/final-exp/kytea$ ./eval-kytea.sh | tee final-kytea-accuracy.log

Evaluation for closed-test with train1:
Accuracy: 99.93% (10390/10397)

Most common mistakes:
ថ្មី/RB --> ថ្មី/JJ	1
ទូលំទូលាយ/NN --> ទូលំទូលាយ/JJ	1
ដដែល/JJ --> ដដែល/RB	1
ព្រេង/NN --> ព្រេង/JJ	1
ផ្សាយ/VB --> JJ	1
JJ --> មាន/VB	1
ដើម/JJ --> ដើម/NN	1

Evaluation for closed-test with train2:
Accuracy: 99.85% (10381/10397)

Most common mistakes:
មាន/VB --> JJ	3
JJ --> មាន/VB	1
JJ --> ផ្សាយ/VB	1
រាជ/RB --> រាជ/JJ	1
ដដែល/JJ --> ដដែល/RB	1
ទូលំទូលាយ/NN --> ទូលំទូលាយ/JJ	1
ថ្មី/RB --> ថ្មី/JJ	1
JJ --> បន្ទុក/VB	1
លី/VB --> លី/PN	1
លែង/NN --> លែង/VB	1

Evaluation for closed-test with train3:
Accuracy: 99.77% (10373/10397)

Most common mistakes:
មាន/VB --> JJ	3
ដើម/NN --> ដើម/JJ	2
រាជ/RB --> រាជ/JJ	1
ឆ្លង/JJ --> ឆ្លង/VB	1
លី/VB --> លី/PN	1
ព្រេង/NN --> ព្រេង/JJ	1
ទៅ/RB --> ទៅ/IN	1
JJ --> មាន/VB	1
ទូលំទូលាយ/NN --> ទូលំទូលាយ/JJ	1
ខាន/VCOM --> ខាន/RB	1

Evaluation for closed-test with train4:
Accuracy: 99.77% (10373/10397)

Most common mistakes:
មាន/VB --> JJ	3
ជូន/VB --> ជូន/IN	2
ដើម/NN --> ដើម/JJ	2
JJ --> ប្រឆាំង/JJ	1
ឆ្លង/JJ --> JJ	1
ទូលំទូលាយ/NN --> ទូលំទូលាយ/JJ	1
ខាន/VCOM --> ខាន/RB	1
ថ្មី/RB --> ថ្មី/JJ	1
ជា/IN --> ជា/VB	1
លែង/NN --> លែង/VB	1

Evaluation for closed-test with train5:
Accuracy: 99.76% (10372/10397)

Most common mistakes:
មាន/VB --> JJ	3
ដើម/NN --> ដើម/JJ	2
ព្រេង/NN --> ព្រេង/JJ	1
ពាក់ព័ន្ធ/VB --> JJ	1
ដែល/RPN --> ដែល/RB	1
ការពារ/VB --> JJ	1
ជា/IN --> ជា/VB	1
JJ --> ប្រឆាំង/JJ	1
ទៅ/RB --> ទៅ/IN	1
នៅ/RB --> នៅ/IN	1

Evaluation for closed-test with train6:
Accuracy: 99.71% (10367/10397)

Most common mistakes:
មាន/VB --> JJ	3
ដើម/NN --> ដើម/JJ	2
ទទូច/RB --> ទទូច/VB	1
លី/VB --> លី/PN	1
ព្រេង/NN --> ព្រេង/JJ	1
ថ្មី/RB --> ថ្មី/JJ	1
នៅ/RB --> នៅ/IN	1
ដដែល/JJ --> ដដែល/RB	1
ខាន/VCOM --> ខាន/RB	1
ទទូច/RB --> JJ	1

Evaluation for open-test with train1:
Accuracy: 87.22% (9401/10778)

Most common mistakes:
ជា/IN --> ជា/VB	14
បាន/VCOM --> បាន/AUX	12
ជា/VB --> ជា/IN	8
ឲ្យ/VB --> ឲ្យ/IN	8
ព្រះ~អង្គ/NN --> ព្រះ~អង្គ/PRO	7
នៅ/VB --> នៅ/IN	7
មក/IN --> មក/VB	6
ហើយ/CC --> ហើយ/RB	6
ឃឿង/PN --> ឃឿង/UNK	6
ជូន/IN --> ជូន/VB	6

Evaluation for open-test with train2:
Accuracy: 91.37% (9848/10778)

Most common mistakes:
ជា/IN --> ជា/VB	11
ជា/VB --> ជា/IN	7
បាន/VCOM --> បាន/AUX	7
ព្រះ~អង្គ/NN --> ព្រះ~អង្គ/PRO	7
ចិត្ត/NN --> ចិត្ត/UNK	6
JJ --> មាន/VB	6
ឲ្យ/VB --> ឲ្យ/IN	6
មក/IN --> មក/VB	6
នៅ/VB --> នៅ/IN	5
ដ្ឋាន/NN --> ដ្ឋាន/UNK	4

Evaluation for open-test with train3:
Accuracy: 93.15% (10040/10778)

Most common mistakes:
ជា/IN --> ជា/VB	8
បាន/VCOM --> បាន/AUX	7
ហើយ/RB --> ហើយ/CC	6
ចិត្ត/NN --> ចិត្ត/UNK	6
ជា/VB --> ជា/IN	5
JJ --> មាន/VB	5
មក/IN --> មក/VB	4
ឲ្យ/VB --> ឲ្យ/IN	4
ទៅ/VB --> ទៅ/IN	4
ហើយ/CC --> ហើយ/RB	4

Evaluation for open-test with train4:
Accuracy: 93.86% (10116/10778)

Most common mistakes:
ជា/IN --> ជា/VB	7
ហើយ/CC --> ហើយ/RB	6
បាន/VCOM --> បាន/AUX	6
JJ --> មាន/VB	5
ចិត្ត/NN --> ចិត្ត/UNK	5
JJ --> ជា/VB	5
នៅ/VB --> នៅ/IN	5
ជា/VB --> ជា/IN	5
ខ្លួន/PRO --> ខ្លួន/NN	4
ឲ្យ/VB --> ឲ្យ/IN	4

Evaluation for open-test with train5:
Accuracy: 94.30% (10164/10778)

Most common mistakes:
ជា/IN --> ជា/VB	12
ហើយ/CC --> ហើយ/RB	6
JJ --> ជា/VB	5
ជា/VB --> ជា/IN	5
ឲ្យ/IN --> ឲ្យ/VB	5
បាន/VCOM --> បាន/AUX	5
JJ --> មាន/VB	5
ចិត្ត/NN --> ចិត្ត/UNK	5
មាន/VB --> JJ	5
មក/IN --> មក/VB	4

Evaluation for open-test with train6:
Accuracy: 94.57% (10193/10778)

Most common mistakes:
ជា/IN --> ជា/VB	11
ហើយ/CC --> ហើយ/RB	7
ហើយ/RB --> ហើយ/CC	6
បាន/VCOM --> បាន/AUX	5
ចិត្ត/NN --> ចិត្ត/UNK	5
JJ --> មាន/VB	5
ជា/VB --> ជា/IN	5
ខ្លួន/PRO --> ខ្លួន/NN	5
ចេញ/VB --> ចេញ/PA	5
ទៅ/IN --> ទៅ/VB	4
ye@DL-Box:~/experiment/kh-pos/final-exp/kytea$

================= REAL FIN :) =====================

